
[TestBaseSuite/TestDialect/duckdb - 1]
select
  *, 
  now() + '1 DAY' as tomorrow
from default.users 
order by created_at desc limit 10
---
