
[TestBaseSuite/TestDialect/mysql - 1]
select
  *, 
  DATEADD(DAY, 1, CURRENT_TIMESTAMP()) as tomorrow
from default.users 
order by created_at desc limit 10
---
