
[TestBaseSuite/TestDialect/redshift - 1]
select
  *, 
  DATEADD(DAY, 1, CURRENT_TIMESTAMP::timestamp) as tomorrow
from "proj"."default"."users" 
order by created_at desc limit 10
---
