
[TestBaseSuite/TestCte/duckdb - 1]
with cte AS (select *
from default.users 
order by created_at desc limit 10)
select *
from cte 
 
---
