
[TestMetricsSuite/TestMultiMetricValues - 1]
select
  coalesce(toString(workspace), '') as segment, 
  coalesce(toString(run_type), '') as segment_2, 
  toInt64(count(workspace)) as workspace$num_not_null, 
  toInt64(count(distinct workspace)) as workspace$num_unique, 
  toInt64(countIf(workspace = '')) as workspace$num_empty, 
  toInt64(count(run_type)) as run_type$num_not_null, 
  toInt64(count(distinct run_type)) as run_type$num_unique, 
  toInt64(countIf(run_type = 0)) as run_type$num_empty, 
  toFloat64(avg(run_type)) as run_type$mean, 
  toFloat64(min(run_type)) as run_type$min, 
  toFloat64(max(run_type)) as run_type$max, 
  toFloat64(median(run_type)) as run_type$median, 
  toFloat64(stddevSamp(run_type)) as run_type$stddev
from default.runs 

group by
  segment, 
  segment_2
order by
  segment, 
  segment_2 
---
