
[TestMetricsSuite/TestMultiMetricValues - 1]
select
  count(workspace) as workspace$num_not_null, 
  count(distinct workspace) as workspace$num_unique, 
  SUM(CASE WHEN %s THEN 1 ELSE 0 END)(workspace = '') as workspace$num_empty, 
  count(run_type) as run_type$num_not_null, 
  count(distinct run_type) as run_type$num_unique, 
  SUM(CASE WHEN %s THEN 1 ELSE 0 END)(run_type = 0) as run_type$num_empty, 
  CAST(avg(run_type) AS FLOAT) as run_type$mean, 
  CAST(min(run_type) AS FLOAT) as run_type$min, 
  CAST(max(run_type) AS FLOAT) as run_type$max, 
  CAST(MEDIAN(run_type) AS FLOAT) as run_type$median, 
  CAST(STDDEV(run_type) AS FLOAT) as run_type$stddev, 
  COALESCE(CAST(workspace AS VARCHAR), '') as segment, 
  COALESCE(CAST(run_type AS VARCHAR), '') as segment_2
from "db"."default"."runs" 

group by
  segment, 
  segment_2
 
---
