
[TestMetricsSuite/TestMultiMetricValues - 1]
select
  COALESCE(workspace, '') as segment, 
  COALESCE(run_type, '') as segment_2, 
  count(workspace) as workspace$num_not_null, 
  count(distinct workspace) as workspace$num_unique, 
  count_if(workspace = '') as workspace$num_empty, 
  count(run_type) as run_type$num_not_null, 
  count(distinct run_type) as run_type$num_unique, 
  count_if(run_type = 0) as run_type$num_empty, 
  CAST(avg(run_type) AS DOUBLE) as run_type$mean, 
  CAST(min(run_type) AS DOUBLE) as run_type$min, 
  CAST(max(run_type) AS DOUBLE) as run_type$max, 
  CAST(approx_percentile(run_type, 0.5) AS DOUBLE) as run_type$median, 
  CAST(STDDEV(run_type) AS DOUBLE) as run_type$stddev
from db.default.runs 

group by
  COALESCE(workspace, ''), 
  COALESCE(run_type, '')
order by
  COALESCE(workspace, ''), 
  COALESCE(run_type, '') 
---
