
[TestProfileSuite/TestProfileColumns/redshift_no_conditions_no_segmentation - 1]
select
  count(*) as num_rows, 
  count(workspace) as workspace$num_not_null, 
  count(distinct workspace) as workspace$num_unique, 
  SUM(CASE WHEN %s THEN 1 ELSE 0 END)(workspace = '') as workspace$num_empty, 
  CAST(min(length(workspace)) AS FLOAT) as workspace$min_length, 
  CAST(max(length(workspace)) AS FLOAT) as workspace$max_length, 
  CAST(avg(length(workspace)) AS FLOAT) as workspace$mean_length, 
  count(meta) as meta$num_not_null, 
  count(distinct meta) as meta$num_unique, 
  SUM(CASE WHEN %s THEN 1 ELSE 0 END)(meta = '') as meta$num_empty, 
  CAST(min(length(meta)) AS FLOAT) as meta$min_length, 
  CAST(max(length(meta)) AS FLOAT) as meta$max_length, 
  CAST(avg(length(meta)) AS FLOAT) as meta$mean_length, 
  count(run_status) as run_status$num_not_null, 
  count(distinct run_status) as run_status$num_unique, 
  SUM(CASE WHEN %s THEN 1 ELSE 0 END)(run_status = 0) as run_status$num_empty, 
  CAST(avg(run_status) AS FLOAT) as run_status$mean, 
  CAST(min(run_status) AS FLOAT) as run_status$min, 
  CAST(max(run_status) AS FLOAT) as run_status$max, 
  CAST(MEDIAN(run_status) AS FLOAT) as run_status$median, 
  CAST(STDDEV(run_status) AS FLOAT) as run_status$stddev, 
  count(created_at) as created_at$num_not_null, 
  min(created_at) as created_at$min, 
  max(created_at) as created_at$max
from "db"."default"."runs" 


order by num_rows desc limit 1000
---

[TestProfileSuite/TestProfileColumns/redshift_no_conditions_single_segmentation_all - 1]
select
  CAST(run_type AS VARCHAR) as segment, 
  count(*) as num_rows, 
  count(workspace) as workspace$num_not_null, 
  count(distinct workspace) as workspace$num_unique, 
  SUM(CASE WHEN %s THEN 1 ELSE 0 END)(workspace = '') as workspace$num_empty, 
  CAST(min(length(workspace)) AS FLOAT) as workspace$min_length, 
  CAST(max(length(workspace)) AS FLOAT) as workspace$max_length, 
  CAST(avg(length(workspace)) AS FLOAT) as workspace$mean_length, 
  count(meta) as meta$num_not_null, 
  count(distinct meta) as meta$num_unique, 
  SUM(CASE WHEN %s THEN 1 ELSE 0 END)(meta = '') as meta$num_empty, 
  CAST(min(length(meta)) AS FLOAT) as meta$min_length, 
  CAST(max(length(meta)) AS FLOAT) as meta$max_length, 
  CAST(avg(length(meta)) AS FLOAT) as meta$mean_length, 
  count(run_status) as run_status$num_not_null, 
  count(distinct run_status) as run_status$num_unique, 
  SUM(CASE WHEN %s THEN 1 ELSE 0 END)(run_status = 0) as run_status$num_empty, 
  CAST(avg(run_status) AS FLOAT) as run_status$mean, 
  CAST(min(run_status) AS FLOAT) as run_status$min, 
  CAST(max(run_status) AS FLOAT) as run_status$max, 
  CAST(MEDIAN(run_status) AS FLOAT) as run_status$median, 
  CAST(STDDEV(run_status) AS FLOAT) as run_status$stddev, 
  count(created_at) as created_at$num_not_null, 
  min(created_at) as created_at$min, 
  max(created_at) as created_at$max
from "db"."default"."runs" 

group by segment
order by num_rows desc limit 1000
---

[TestProfileSuite/TestProfileColumns/redshift_no_conditions_multi_segmentation - 1]
select
  CAST(workspace AS VARCHAR) as segment, 
  CAST(run_status AS VARCHAR) as segment2, 
  CAST(run_type AS VARCHAR) as segment3, 
  count(*) as num_rows, 
  count(workspace) as workspace$num_not_null, 
  count(distinct workspace) as workspace$num_unique, 
  SUM(CASE WHEN %s THEN 1 ELSE 0 END)(workspace = '') as workspace$num_empty, 
  CAST(min(length(workspace)) AS FLOAT) as workspace$min_length, 
  CAST(max(length(workspace)) AS FLOAT) as workspace$max_length, 
  CAST(avg(length(workspace)) AS FLOAT) as workspace$mean_length, 
  count(meta) as meta$num_not_null, 
  count(distinct meta) as meta$num_unique, 
  SUM(CASE WHEN %s THEN 1 ELSE 0 END)(meta = '') as meta$num_empty, 
  CAST(min(length(meta)) AS FLOAT) as meta$min_length, 
  CAST(max(length(meta)) AS FLOAT) as meta$max_length, 
  CAST(avg(length(meta)) AS FLOAT) as meta$mean_length, 
  count(run_status) as run_status$num_not_null, 
  count(distinct run_status) as run_status$num_unique, 
  SUM(CASE WHEN %s THEN 1 ELSE 0 END)(run_status = 0) as run_status$num_empty, 
  CAST(avg(run_status) AS FLOAT) as run_status$mean, 
  CAST(min(run_status) AS FLOAT) as run_status$min, 
  CAST(max(run_status) AS FLOAT) as run_status$max, 
  CAST(MEDIAN(run_status) AS FLOAT) as run_status$median, 
  CAST(STDDEV(run_status) AS FLOAT) as run_status$stddev, 
  count(created_at) as created_at$num_not_null, 
  min(created_at) as created_at$min, 
  max(created_at) as created_at$max
from "db"."default"."runs" 

group by
  segment, 
  segment2, 
  segment3
order by num_rows desc limit 1000
---

[TestProfileSuite/TestProfileColumns/redshift_single_condition_no_segmentation - 1]
select
  count(*) as num_rows, 
  count(workspace) as workspace$num_not_null, 
  count(distinct workspace) as workspace$num_unique, 
  SUM(CASE WHEN %s THEN 1 ELSE 0 END)(workspace = '') as workspace$num_empty, 
  CAST(min(length(workspace)) AS FLOAT) as workspace$min_length, 
  CAST(max(length(workspace)) AS FLOAT) as workspace$max_length, 
  CAST(avg(length(workspace)) AS FLOAT) as workspace$mean_length, 
  count(meta) as meta$num_not_null, 
  count(distinct meta) as meta$num_unique, 
  SUM(CASE WHEN %s THEN 1 ELSE 0 END)(meta = '') as meta$num_empty, 
  CAST(min(length(meta)) AS FLOAT) as meta$min_length, 
  CAST(max(length(meta)) AS FLOAT) as meta$max_length, 
  CAST(avg(length(meta)) AS FLOAT) as meta$mean_length, 
  count(run_status) as run_status$num_not_null, 
  count(distinct run_status) as run_status$num_unique, 
  SUM(CASE WHEN %s THEN 1 ELSE 0 END)(run_status = 0) as run_status$num_empty, 
  CAST(avg(run_status) AS FLOAT) as run_status$mean, 
  CAST(min(run_status) AS FLOAT) as run_status$min, 
  CAST(max(run_status) AS FLOAT) as run_status$max, 
  CAST(MEDIAN(run_status) AS FLOAT) as run_status$median, 
  CAST(STDDEV(run_status) AS FLOAT) as run_status$stddev, 
  count(created_at) as created_at$num_not_null, 
  min(created_at) as created_at$min, 
  max(created_at) as created_at$max
from "db"."default"."runs" 
where 1=1

order by num_rows desc limit 1000
---

[TestProfileSuite/TestProfileColumns/redshift_single_condition_single_segmentation_all - 1]
select
  CAST(run_type AS VARCHAR) as segment, 
  count(*) as num_rows, 
  count(workspace) as workspace$num_not_null, 
  count(distinct workspace) as workspace$num_unique, 
  SUM(CASE WHEN %s THEN 1 ELSE 0 END)(workspace = '') as workspace$num_empty, 
  CAST(min(length(workspace)) AS FLOAT) as workspace$min_length, 
  CAST(max(length(workspace)) AS FLOAT) as workspace$max_length, 
  CAST(avg(length(workspace)) AS FLOAT) as workspace$mean_length, 
  count(meta) as meta$num_not_null, 
  count(distinct meta) as meta$num_unique, 
  SUM(CASE WHEN %s THEN 1 ELSE 0 END)(meta = '') as meta$num_empty, 
  CAST(min(length(meta)) AS FLOAT) as meta$min_length, 
  CAST(max(length(meta)) AS FLOAT) as meta$max_length, 
  CAST(avg(length(meta)) AS FLOAT) as meta$mean_length, 
  count(run_status) as run_status$num_not_null, 
  count(distinct run_status) as run_status$num_unique, 
  SUM(CASE WHEN %s THEN 1 ELSE 0 END)(run_status = 0) as run_status$num_empty, 
  CAST(avg(run_status) AS FLOAT) as run_status$mean, 
  CAST(min(run_status) AS FLOAT) as run_status$min, 
  CAST(max(run_status) AS FLOAT) as run_status$max, 
  CAST(MEDIAN(run_status) AS FLOAT) as run_status$median, 
  CAST(STDDEV(run_status) AS FLOAT) as run_status$stddev, 
  count(created_at) as created_at$num_not_null, 
  min(created_at) as created_at$min, 
  max(created_at) as created_at$max
from "db"."default"."runs" 
where 1=1
group by segment
order by num_rows desc limit 1000
---

[TestProfileSuite/TestProfileColumns/redshift_single_condition_multi_segmentation - 1]
select
  CAST(workspace AS VARCHAR) as segment, 
  CAST(run_status AS VARCHAR) as segment2, 
  CAST(run_type AS VARCHAR) as segment3, 
  count(*) as num_rows, 
  count(workspace) as workspace$num_not_null, 
  count(distinct workspace) as workspace$num_unique, 
  SUM(CASE WHEN %s THEN 1 ELSE 0 END)(workspace = '') as workspace$num_empty, 
  CAST(min(length(workspace)) AS FLOAT) as workspace$min_length, 
  CAST(max(length(workspace)) AS FLOAT) as workspace$max_length, 
  CAST(avg(length(workspace)) AS FLOAT) as workspace$mean_length, 
  count(meta) as meta$num_not_null, 
  count(distinct meta) as meta$num_unique, 
  SUM(CASE WHEN %s THEN 1 ELSE 0 END)(meta = '') as meta$num_empty, 
  CAST(min(length(meta)) AS FLOAT) as meta$min_length, 
  CAST(max(length(meta)) AS FLOAT) as meta$max_length, 
  CAST(avg(length(meta)) AS FLOAT) as meta$mean_length, 
  count(run_status) as run_status$num_not_null, 
  count(distinct run_status) as run_status$num_unique, 
  SUM(CASE WHEN %s THEN 1 ELSE 0 END)(run_status = 0) as run_status$num_empty, 
  CAST(avg(run_status) AS FLOAT) as run_status$mean, 
  CAST(min(run_status) AS FLOAT) as run_status$min, 
  CAST(max(run_status) AS FLOAT) as run_status$max, 
  CAST(MEDIAN(run_status) AS FLOAT) as run_status$median, 
  CAST(STDDEV(run_status) AS FLOAT) as run_status$stddev, 
  count(created_at) as created_at$num_not_null, 
  min(created_at) as created_at$min, 
  max(created_at) as created_at$max
from "db"."default"."runs" 
where 1=1
group by
  segment, 
  segment2, 
  segment3
order by num_rows desc limit 1000
---

[TestProfileSuite/TestProfileColumns/redshift_multi_condition_no_segmentation - 1]
select
  count(*) as num_rows, 
  count(workspace) as workspace$num_not_null, 
  count(distinct workspace) as workspace$num_unique, 
  SUM(CASE WHEN %s THEN 1 ELSE 0 END)(workspace = '') as workspace$num_empty, 
  CAST(min(length(workspace)) AS FLOAT) as workspace$min_length, 
  CAST(max(length(workspace)) AS FLOAT) as workspace$max_length, 
  CAST(avg(length(workspace)) AS FLOAT) as workspace$mean_length, 
  count(meta) as meta$num_not_null, 
  count(distinct meta) as meta$num_unique, 
  SUM(CASE WHEN %s THEN 1 ELSE 0 END)(meta = '') as meta$num_empty, 
  CAST(min(length(meta)) AS FLOAT) as meta$min_length, 
  CAST(max(length(meta)) AS FLOAT) as meta$max_length, 
  CAST(avg(length(meta)) AS FLOAT) as meta$mean_length, 
  count(run_status) as run_status$num_not_null, 
  count(distinct run_status) as run_status$num_unique, 
  SUM(CASE WHEN %s THEN 1 ELSE 0 END)(run_status = 0) as run_status$num_empty, 
  CAST(avg(run_status) AS FLOAT) as run_status$mean, 
  CAST(min(run_status) AS FLOAT) as run_status$min, 
  CAST(max(run_status) AS FLOAT) as run_status$max, 
  CAST(MEDIAN(run_status) AS FLOAT) as run_status$median, 
  CAST(STDDEV(run_status) AS FLOAT) as run_status$stddev, 
  count(created_at) as created_at$num_not_null, 
  min(created_at) as created_at$min, 
  max(created_at) as created_at$max
from "db"."default"."runs" 
where
  run_status > 0 and 
  run_type > 0

order by num_rows desc limit 1000
---

[TestProfileSuite/TestProfileColumns/redshift_multi_condition_single_segmentation_all - 1]
select
  CAST(run_type AS VARCHAR) as segment, 
  count(*) as num_rows, 
  count(workspace) as workspace$num_not_null, 
  count(distinct workspace) as workspace$num_unique, 
  SUM(CASE WHEN %s THEN 1 ELSE 0 END)(workspace = '') as workspace$num_empty, 
  CAST(min(length(workspace)) AS FLOAT) as workspace$min_length, 
  CAST(max(length(workspace)) AS FLOAT) as workspace$max_length, 
  CAST(avg(length(workspace)) AS FLOAT) as workspace$mean_length, 
  count(meta) as meta$num_not_null, 
  count(distinct meta) as meta$num_unique, 
  SUM(CASE WHEN %s THEN 1 ELSE 0 END)(meta = '') as meta$num_empty, 
  CAST(min(length(meta)) AS FLOAT) as meta$min_length, 
  CAST(max(length(meta)) AS FLOAT) as meta$max_length, 
  CAST(avg(length(meta)) AS FLOAT) as meta$mean_length, 
  count(run_status) as run_status$num_not_null, 
  count(distinct run_status) as run_status$num_unique, 
  SUM(CASE WHEN %s THEN 1 ELSE 0 END)(run_status = 0) as run_status$num_empty, 
  CAST(avg(run_status) AS FLOAT) as run_status$mean, 
  CAST(min(run_status) AS FLOAT) as run_status$min, 
  CAST(max(run_status) AS FLOAT) as run_status$max, 
  CAST(MEDIAN(run_status) AS FLOAT) as run_status$median, 
  CAST(STDDEV(run_status) AS FLOAT) as run_status$stddev, 
  count(created_at) as created_at$num_not_null, 
  min(created_at) as created_at$min, 
  max(created_at) as created_at$max
from "db"."default"."runs" 
where
  run_status > 0 and 
  run_type > 0
group by segment
order by num_rows desc limit 1000
---

[TestProfileSuite/TestProfileColumns/redshift_multi_condition_multi_segmentation - 1]
select
  CAST(workspace AS VARCHAR) as segment, 
  CAST(run_status AS VARCHAR) as segment2, 
  CAST(run_type AS VARCHAR) as segment3, 
  count(*) as num_rows, 
  count(workspace) as workspace$num_not_null, 
  count(distinct workspace) as workspace$num_unique, 
  SUM(CASE WHEN %s THEN 1 ELSE 0 END)(workspace = '') as workspace$num_empty, 
  CAST(min(length(workspace)) AS FLOAT) as workspace$min_length, 
  CAST(max(length(workspace)) AS FLOAT) as workspace$max_length, 
  CAST(avg(length(workspace)) AS FLOAT) as workspace$mean_length, 
  count(meta) as meta$num_not_null, 
  count(distinct meta) as meta$num_unique, 
  SUM(CASE WHEN %s THEN 1 ELSE 0 END)(meta = '') as meta$num_empty, 
  CAST(min(length(meta)) AS FLOAT) as meta$min_length, 
  CAST(max(length(meta)) AS FLOAT) as meta$max_length, 
  CAST(avg(length(meta)) AS FLOAT) as meta$mean_length, 
  count(run_status) as run_status$num_not_null, 
  count(distinct run_status) as run_status$num_unique, 
  SUM(CASE WHEN %s THEN 1 ELSE 0 END)(run_status = 0) as run_status$num_empty, 
  CAST(avg(run_status) AS FLOAT) as run_status$mean, 
  CAST(min(run_status) AS FLOAT) as run_status$min, 
  CAST(max(run_status) AS FLOAT) as run_status$max, 
  CAST(MEDIAN(run_status) AS FLOAT) as run_status$median, 
  CAST(STDDEV(run_status) AS FLOAT) as run_status$stddev, 
  count(created_at) as created_at$num_not_null, 
  min(created_at) as created_at$min, 
  max(created_at) as created_at$max
from "db"."default"."runs" 
where
  run_status > 0 and 
  run_type > 0
group by
  segment, 
  segment2, 
  segment3
order by num_rows desc limit 1000
---
