
[TestMetricsSuite/TestPartitionWithTimeRange - 1]
select
  DATE_TRUNC('DAY', ingested_at) + '1 DAY' as time_segment, 
  'run_type' as field, 
  count(*) as num_rows, 
  count(run_type) as num_not_null, 
  SUM(CASE WHEN run_type = 0 THEN 1 ELSE 0 END) as num_empty, 
  CAST(avg(run_type) AS FLOAT) as mean, 
  CAST(min(run_type) AS FLOAT) as min, 
  CAST(max(run_type) AS FLOAT) as max, 
  CAST(MEDIAN(run_type) AS FLOAT) as median, 
  CAST(STDDEV(run_type) AS FLOAT) as stddev
from default.runs 
where
  ingested_at >= '2025-01-01T00:00:00Z' and 
  ingested_at < '2025-02-01T00:00:00Z'
group by DATE_TRUNC('DAY', ingested_at) + '1 DAY'
order by DATE_TRUNC('DAY', ingested_at) + '1 DAY' 
---
