
[TestBaseSuite/TestTableFn/snowflake - 1]
select *
from TABLE(SNOWFLAKE.CORE.GET_LINEAGE('my_database.sch.table_a', 'TABLE', 'DOWNSTREAM', 2)) 
order by "created_at" desc limit 10
---
