
[TestMetricsSuite/TestSimpleQueryBuilder - 1]
select
  'workspace' as field, 
  count(*) as num_rows, 
  count(workspace) as num_not_null, 
  count(distinct workspace) as num_unique, 
  COALESCE(SUM(CASE WHEN %s THEN 1 ELSE 0 END)(workspace = ''), 0) as num_empty
from default.runs 


 
---
