
[TestMetricsSuite/TestSimpleQueryBuilder - 1]
select
  'workspace' as "field", 
  count(*) as "num_rows", 
  count(workspace) as "num_not_null", 
  count(distinct workspace) as "num_unique", 
  count_if(workspace = '') as "num_empty"
from db.default.runs 
 
---
