
[TestMetricsSuite/TestSimpleQueryBuilder - 1]
select
  'workspace' as field, 
  count(*) as num_rows, 
  count(workspace) as num_not_null, 
  count(distinct workspace) as num_unique, 
  SUM(CASE WHEN workspace = '' THEN 1 ELSE 0 END) as num_empty
from db.default.runs 


 
---
