
[TestMetricsSuite/TestApplyMonitorDefArgs/clickhouse_no_conditions_no_segmentation/partitioning - 1]
select
  timestamp_add(toStartOfInterval(ingested_at, interval 1 HOUR), interval 1 HOUR) as time_segment, 
  'ingested_at' as field, 
  toInt64(count(*)) as num_rows, 
  toInt64(count(ingested_at)) as num_not_null, 
  min(ingested_at) as min, 
  max(ingested_at) as max
from default.runs 

group by time_segment
order by time_segment 
---

[TestMetricsSuite/TestApplyMonitorDefArgs/clickhouse_no_conditions_no_segmentation/no_partitioning - 1]
select
  'ingested_at' as field, 
  toInt64(count(*)) as num_rows, 
  toInt64(count(ingested_at)) as num_not_null, 
  min(ingested_at) as min, 
  max(ingested_at) as max
from default.runs 


 
---

[TestMetricsSuite/TestApplyMonitorDefArgs/clickhouse_no_conditions_single_segmentation_all/partitioning - 1]
select
  coalesce(toString(run_type), '') as segment, 
  timestamp_add(toStartOfInterval(ingested_at, interval 1 HOUR), interval 1 HOUR) as time_segment, 
  'ingested_at' as field, 
  toInt64(count(*)) as num_rows, 
  toInt64(count(ingested_at)) as num_not_null, 
  min(ingested_at) as min, 
  max(ingested_at) as max
from default.runs 

group by
  time_segment, 
  segment
order by
  time_segment, 
  segment 
---

[TestMetricsSuite/TestApplyMonitorDefArgs/clickhouse_no_conditions_single_segmentation_all/no_partitioning - 1]
select
  coalesce(toString(run_type), '') as segment, 
  'ingested_at' as field, 
  toInt64(count(*)) as num_rows, 
  toInt64(count(ingested_at)) as num_not_null, 
  min(ingested_at) as min, 
  max(ingested_at) as max
from default.runs 

group by segment
order by segment 
---

[TestMetricsSuite/TestApplyMonitorDefArgs/clickhouse_no_conditions_multi_segmentation/partitioning - 1]
select
  coalesce(toString(workspace), '') as segment, 
  coalesce(toString(run_status), '') as segment_2, 
  coalesce(toString(run_type), '') as segment_3, 
  timestamp_add(toStartOfInterval(ingested_at, interval 1 HOUR), interval 1 HOUR) as time_segment, 
  'ingested_at' as field, 
  toInt64(count(*)) as num_rows, 
  toInt64(count(ingested_at)) as num_not_null, 
  min(ingested_at) as min, 
  max(ingested_at) as max
from default.runs 
where
  segment not in ('synq-demo') and 
  segment_2 in ('1', '2', '3', '4')
group by
  time_segment, 
  segment, 
  segment_2, 
  segment_3
order by
  time_segment, 
  segment, 
  segment_2, 
  segment_3 
---

[TestMetricsSuite/TestApplyMonitorDefArgs/clickhouse_no_conditions_multi_segmentation/no_partitioning - 1]
select
  coalesce(toString(workspace), '') as segment, 
  coalesce(toString(run_status), '') as segment_2, 
  coalesce(toString(run_type), '') as segment_3, 
  'ingested_at' as field, 
  toInt64(count(*)) as num_rows, 
  toInt64(count(ingested_at)) as num_not_null, 
  min(ingested_at) as min, 
  max(ingested_at) as max
from default.runs 
where
  segment not in ('synq-demo') and 
  segment_2 in ('1', '2', '3', '4')
group by
  segment, 
  segment_2, 
  segment_3
order by
  segment, 
  segment_2, 
  segment_3 
---

[TestMetricsSuite/TestApplyMonitorDefArgs/clickhouse_single_condition_no_segmentation/partitioning - 1]
select
  timestamp_add(toStartOfInterval(ingested_at, interval 1 HOUR), interval 1 HOUR) as time_segment, 
  'ingested_at' as field, 
  toInt64(count(*)) as num_rows, 
  toInt64(count(ingested_at)) as num_not_null, 
  min(ingested_at) as min, 
  max(ingested_at) as max
from default.runs 
where 1=1
group by time_segment
order by time_segment 
---

[TestMetricsSuite/TestApplyMonitorDefArgs/clickhouse_single_condition_no_segmentation/no_partitioning - 1]
select
  'ingested_at' as field, 
  toInt64(count(*)) as num_rows, 
  toInt64(count(ingested_at)) as num_not_null, 
  min(ingested_at) as min, 
  max(ingested_at) as max
from default.runs 
where 1=1

 
---

[TestMetricsSuite/TestApplyMonitorDefArgs/clickhouse_single_condition_single_segmentation_all/partitioning - 1]
select
  coalesce(toString(run_type), '') as segment, 
  timestamp_add(toStartOfInterval(ingested_at, interval 1 HOUR), interval 1 HOUR) as time_segment, 
  'ingested_at' as field, 
  toInt64(count(*)) as num_rows, 
  toInt64(count(ingested_at)) as num_not_null, 
  min(ingested_at) as min, 
  max(ingested_at) as max
from default.runs 
where 1=1
group by
  time_segment, 
  segment
order by
  time_segment, 
  segment 
---

[TestMetricsSuite/TestApplyMonitorDefArgs/clickhouse_single_condition_single_segmentation_all/no_partitioning - 1]
select
  coalesce(toString(run_type), '') as segment, 
  'ingested_at' as field, 
  toInt64(count(*)) as num_rows, 
  toInt64(count(ingested_at)) as num_not_null, 
  min(ingested_at) as min, 
  max(ingested_at) as max
from default.runs 
where 1=1
group by segment
order by segment 
---

[TestMetricsSuite/TestApplyMonitorDefArgs/clickhouse_single_condition_multi_segmentation/partitioning - 1]
select
  coalesce(toString(workspace), '') as segment, 
  coalesce(toString(run_status), '') as segment_2, 
  coalesce(toString(run_type), '') as segment_3, 
  timestamp_add(toStartOfInterval(ingested_at, interval 1 HOUR), interval 1 HOUR) as time_segment, 
  'ingested_at' as field, 
  toInt64(count(*)) as num_rows, 
  toInt64(count(ingested_at)) as num_not_null, 
  min(ingested_at) as min, 
  max(ingested_at) as max
from default.runs 
where
  segment not in ('synq-demo') and 
  segment_2 in ('1', '2', '3', '4') and 
  1=1
group by
  time_segment, 
  segment, 
  segment_2, 
  segment_3
order by
  time_segment, 
  segment, 
  segment_2, 
  segment_3 
---

[TestMetricsSuite/TestApplyMonitorDefArgs/clickhouse_single_condition_multi_segmentation/no_partitioning - 1]
select
  coalesce(toString(workspace), '') as segment, 
  coalesce(toString(run_status), '') as segment_2, 
  coalesce(toString(run_type), '') as segment_3, 
  'ingested_at' as field, 
  toInt64(count(*)) as num_rows, 
  toInt64(count(ingested_at)) as num_not_null, 
  min(ingested_at) as min, 
  max(ingested_at) as max
from default.runs 
where
  segment not in ('synq-demo') and 
  segment_2 in ('1', '2', '3', '4') and 
  1=1
group by
  segment, 
  segment_2, 
  segment_3
order by
  segment, 
  segment_2, 
  segment_3 
---

[TestMetricsSuite/TestApplyMonitorDefArgs/clickhouse_multi_condition_no_segmentation/partitioning - 1]
select
  timestamp_add(toStartOfInterval(ingested_at, interval 1 HOUR), interval 1 HOUR) as time_segment, 
  'ingested_at' as field, 
  toInt64(count(*)) as num_rows, 
  toInt64(count(ingested_at)) as num_not_null, 
  min(ingested_at) as min, 
  max(ingested_at) as max
from default.runs 
where
  run_status > 0 and 
  run_type > 0
group by time_segment
order by time_segment 
---

[TestMetricsSuite/TestApplyMonitorDefArgs/clickhouse_multi_condition_no_segmentation/no_partitioning - 1]
select
  'ingested_at' as field, 
  toInt64(count(*)) as num_rows, 
  toInt64(count(ingested_at)) as num_not_null, 
  min(ingested_at) as min, 
  max(ingested_at) as max
from default.runs 
where
  run_status > 0 and 
  run_type > 0

 
---

[TestMetricsSuite/TestApplyMonitorDefArgs/clickhouse_multi_condition_single_segmentation_all/partitioning - 1]
select
  coalesce(toString(run_type), '') as segment, 
  timestamp_add(toStartOfInterval(ingested_at, interval 1 HOUR), interval 1 HOUR) as time_segment, 
  'ingested_at' as field, 
  toInt64(count(*)) as num_rows, 
  toInt64(count(ingested_at)) as num_not_null, 
  min(ingested_at) as min, 
  max(ingested_at) as max
from default.runs 
where
  run_status > 0 and 
  run_type > 0
group by
  time_segment, 
  segment
order by
  time_segment, 
  segment 
---

[TestMetricsSuite/TestApplyMonitorDefArgs/clickhouse_multi_condition_single_segmentation_all/no_partitioning - 1]
select
  coalesce(toString(run_type), '') as segment, 
  'ingested_at' as field, 
  toInt64(count(*)) as num_rows, 
  toInt64(count(ingested_at)) as num_not_null, 
  min(ingested_at) as min, 
  max(ingested_at) as max
from default.runs 
where
  run_status > 0 and 
  run_type > 0
group by segment
order by segment 
---

[TestMetricsSuite/TestApplyMonitorDefArgs/clickhouse_multi_condition_multi_segmentation/partitioning - 1]
select
  coalesce(toString(workspace), '') as segment, 
  coalesce(toString(run_status), '') as segment_2, 
  coalesce(toString(run_type), '') as segment_3, 
  timestamp_add(toStartOfInterval(ingested_at, interval 1 HOUR), interval 1 HOUR) as time_segment, 
  'ingested_at' as field, 
  toInt64(count(*)) as num_rows, 
  toInt64(count(ingested_at)) as num_not_null, 
  min(ingested_at) as min, 
  max(ingested_at) as max
from default.runs 
where
  segment not in ('synq-demo') and 
  segment_2 in ('1', '2', '3', '4') and 
  run_status > 0 and 
  run_type > 0
group by
  time_segment, 
  segment, 
  segment_2, 
  segment_3
order by
  time_segment, 
  segment, 
  segment_2, 
  segment_3 
---

[TestMetricsSuite/TestApplyMonitorDefArgs/clickhouse_multi_condition_multi_segmentation/no_partitioning - 1]
select
  coalesce(toString(workspace), '') as segment, 
  coalesce(toString(run_status), '') as segment_2, 
  coalesce(toString(run_type), '') as segment_3, 
  'ingested_at' as field, 
  toInt64(count(*)) as num_rows, 
  toInt64(count(ingested_at)) as num_not_null, 
  min(ingested_at) as min, 
  max(ingested_at) as max
from default.runs 
where
  segment not in ('synq-demo') and 
  segment_2 in ('1', '2', '3', '4') and 
  run_status > 0 and 
  run_type > 0
group by
  segment, 
  segment_2, 
  segment_3
order by
  segment, 
  segment_2, 
  segment_3 
---
