
[TestMetricsSuite/TestApplyMonitorDefArgs/postgres_no_conditions_no_segmentation/partitioning - 1]
select
  DATE_TRUNC('HOUR', ingested_at) + '1 HOUR' as time_segment, 
  'ingested_at' as field, 
  count(*) as num_rows, 
  count(ingested_at) as num_not_null, 
  min(ingested_at) as min, 
  max(ingested_at) as max
from default.runs 

group by DATE_TRUNC('HOUR', ingested_at) + '1 HOUR'
order by DATE_TRUNC('HOUR', ingested_at) + '1 HOUR' 
---

[TestMetricsSuite/TestApplyMonitorDefArgs/postgres_no_conditions_no_segmentation/no_partitioning - 1]
select
  'ingested_at' as field, 
  count(*) as num_rows, 
  count(ingested_at) as num_not_null, 
  min(ingested_at) as min, 
  max(ingested_at) as max
from default.runs 


 
---

[TestMetricsSuite/TestApplyMonitorDefArgs/postgres_no_conditions_single_segmentation_all/partitioning - 1]
select
  COALESCE(CAST(run_type AS VARCHAR), '') as segment, 
  DATE_TRUNC('HOUR', ingested_at) + '1 HOUR' as time_segment, 
  'ingested_at' as field, 
  count(*) as num_rows, 
  count(ingested_at) as num_not_null, 
  min(ingested_at) as min, 
  max(ingested_at) as max
from default.runs 

group by
  DATE_TRUNC('HOUR', ingested_at) + '1 HOUR', 
  COALESCE(CAST(run_type AS VARCHAR), '')
order by
  DATE_TRUNC('HOUR', ingested_at) + '1 HOUR', 
  COALESCE(CAST(run_type AS VARCHAR), '') 
---

[TestMetricsSuite/TestApplyMonitorDefArgs/postgres_no_conditions_single_segmentation_all/no_partitioning - 1]
select
  COALESCE(CAST(run_type AS VARCHAR), '') as segment, 
  'ingested_at' as field, 
  count(*) as num_rows, 
  count(ingested_at) as num_not_null, 
  min(ingested_at) as min, 
  max(ingested_at) as max
from default.runs 

group by COALESCE(CAST(run_type AS VARCHAR), '')
order by COALESCE(CAST(run_type AS VARCHAR), '') 
---

[TestMetricsSuite/TestApplyMonitorDefArgs/postgres_no_conditions_multi_segmentation/partitioning - 1]
select
  COALESCE(CAST(workspace AS VARCHAR), '') as segment, 
  COALESCE(CAST(run_status AS VARCHAR), '') as segment_2, 
  COALESCE(CAST(run_type AS VARCHAR), '') as segment_3, 
  DATE_TRUNC('HOUR', ingested_at) + '1 HOUR' as time_segment, 
  'ingested_at' as field, 
  count(*) as num_rows, 
  count(ingested_at) as num_not_null, 
  min(ingested_at) as min, 
  max(ingested_at) as max
from default.runs 
where
  COALESCE(CAST(workspace AS VARCHAR), '') not in ('synq-demo') and 
  COALESCE(CAST(run_status AS VARCHAR), '') in ('1', '2', '3', '4')
group by
  DATE_TRUNC('HOUR', ingested_at) + '1 HOUR', 
  COALESCE(CAST(workspace AS VARCHAR), ''), 
  COALESCE(CAST(run_status AS VARCHAR), ''), 
  COALESCE(CAST(run_type AS VARCHAR), '')
order by
  DATE_TRUNC('HOUR', ingested_at) + '1 HOUR', 
  COALESCE(CAST(workspace AS VARCHAR), ''), 
  COALESCE(CAST(run_status AS VARCHAR), ''), 
  COALESCE(CAST(run_type AS VARCHAR), '') 
---

[TestMetricsSuite/TestApplyMonitorDefArgs/postgres_no_conditions_multi_segmentation/no_partitioning - 1]
select
  COALESCE(CAST(workspace AS VARCHAR), '') as segment, 
  COALESCE(CAST(run_status AS VARCHAR), '') as segment_2, 
  COALESCE(CAST(run_type AS VARCHAR), '') as segment_3, 
  'ingested_at' as field, 
  count(*) as num_rows, 
  count(ingested_at) as num_not_null, 
  min(ingested_at) as min, 
  max(ingested_at) as max
from default.runs 
where
  COALESCE(CAST(workspace AS VARCHAR), '') not in ('synq-demo') and 
  COALESCE(CAST(run_status AS VARCHAR), '') in ('1', '2', '3', '4')
group by
  COALESCE(CAST(workspace AS VARCHAR), ''), 
  COALESCE(CAST(run_status AS VARCHAR), ''), 
  COALESCE(CAST(run_type AS VARCHAR), '')
order by
  COALESCE(CAST(workspace AS VARCHAR), ''), 
  COALESCE(CAST(run_status AS VARCHAR), ''), 
  COALESCE(CAST(run_type AS VARCHAR), '') 
---

[TestMetricsSuite/TestApplyMonitorDefArgs/postgres_single_condition_no_segmentation/partitioning - 1]
select
  DATE_TRUNC('HOUR', ingested_at) + '1 HOUR' as time_segment, 
  'ingested_at' as field, 
  count(*) as num_rows, 
  count(ingested_at) as num_not_null, 
  min(ingested_at) as min, 
  max(ingested_at) as max
from default.runs 
where 1=1
group by DATE_TRUNC('HOUR', ingested_at) + '1 HOUR'
order by DATE_TRUNC('HOUR', ingested_at) + '1 HOUR' 
---

[TestMetricsSuite/TestApplyMonitorDefArgs/postgres_single_condition_no_segmentation/no_partitioning - 1]
select
  'ingested_at' as field, 
  count(*) as num_rows, 
  count(ingested_at) as num_not_null, 
  min(ingested_at) as min, 
  max(ingested_at) as max
from default.runs 
where 1=1

 
---

[TestMetricsSuite/TestApplyMonitorDefArgs/postgres_single_condition_single_segmentation_all/partitioning - 1]
select
  COALESCE(CAST(run_type AS VARCHAR), '') as segment, 
  DATE_TRUNC('HOUR', ingested_at) + '1 HOUR' as time_segment, 
  'ingested_at' as field, 
  count(*) as num_rows, 
  count(ingested_at) as num_not_null, 
  min(ingested_at) as min, 
  max(ingested_at) as max
from default.runs 
where 1=1
group by
  DATE_TRUNC('HOUR', ingested_at) + '1 HOUR', 
  COALESCE(CAST(run_type AS VARCHAR), '')
order by
  DATE_TRUNC('HOUR', ingested_at) + '1 HOUR', 
  COALESCE(CAST(run_type AS VARCHAR), '') 
---

[TestMetricsSuite/TestApplyMonitorDefArgs/postgres_single_condition_single_segmentation_all/no_partitioning - 1]
select
  COALESCE(CAST(run_type AS VARCHAR), '') as segment, 
  'ingested_at' as field, 
  count(*) as num_rows, 
  count(ingested_at) as num_not_null, 
  min(ingested_at) as min, 
  max(ingested_at) as max
from default.runs 
where 1=1
group by COALESCE(CAST(run_type AS VARCHAR), '')
order by COALESCE(CAST(run_type AS VARCHAR), '') 
---

[TestMetricsSuite/TestApplyMonitorDefArgs/postgres_single_condition_multi_segmentation/partitioning - 1]
select
  COALESCE(CAST(workspace AS VARCHAR), '') as segment, 
  COALESCE(CAST(run_status AS VARCHAR), '') as segment_2, 
  COALESCE(CAST(run_type AS VARCHAR), '') as segment_3, 
  DATE_TRUNC('HOUR', ingested_at) + '1 HOUR' as time_segment, 
  'ingested_at' as field, 
  count(*) as num_rows, 
  count(ingested_at) as num_not_null, 
  min(ingested_at) as min, 
  max(ingested_at) as max
from default.runs 
where
  COALESCE(CAST(workspace AS VARCHAR), '') not in ('synq-demo') and 
  COALESCE(CAST(run_status AS VARCHAR), '') in ('1', '2', '3', '4') and 
  1=1
group by
  DATE_TRUNC('HOUR', ingested_at) + '1 HOUR', 
  COALESCE(CAST(workspace AS VARCHAR), ''), 
  COALESCE(CAST(run_status AS VARCHAR), ''), 
  COALESCE(CAST(run_type AS VARCHAR), '')
order by
  DATE_TRUNC('HOUR', ingested_at) + '1 HOUR', 
  COALESCE(CAST(workspace AS VARCHAR), ''), 
  COALESCE(CAST(run_status AS VARCHAR), ''), 
  COALESCE(CAST(run_type AS VARCHAR), '') 
---

[TestMetricsSuite/TestApplyMonitorDefArgs/postgres_single_condition_multi_segmentation/no_partitioning - 1]
select
  COALESCE(CAST(workspace AS VARCHAR), '') as segment, 
  COALESCE(CAST(run_status AS VARCHAR), '') as segment_2, 
  COALESCE(CAST(run_type AS VARCHAR), '') as segment_3, 
  'ingested_at' as field, 
  count(*) as num_rows, 
  count(ingested_at) as num_not_null, 
  min(ingested_at) as min, 
  max(ingested_at) as max
from default.runs 
where
  COALESCE(CAST(workspace AS VARCHAR), '') not in ('synq-demo') and 
  COALESCE(CAST(run_status AS VARCHAR), '') in ('1', '2', '3', '4') and 
  1=1
group by
  COALESCE(CAST(workspace AS VARCHAR), ''), 
  COALESCE(CAST(run_status AS VARCHAR), ''), 
  COALESCE(CAST(run_type AS VARCHAR), '')
order by
  COALESCE(CAST(workspace AS VARCHAR), ''), 
  COALESCE(CAST(run_status AS VARCHAR), ''), 
  COALESCE(CAST(run_type AS VARCHAR), '') 
---

[TestMetricsSuite/TestApplyMonitorDefArgs/postgres_multi_condition_no_segmentation/partitioning - 1]
select
  DATE_TRUNC('HOUR', ingested_at) + '1 HOUR' as time_segment, 
  'ingested_at' as field, 
  count(*) as num_rows, 
  count(ingested_at) as num_not_null, 
  min(ingested_at) as min, 
  max(ingested_at) as max
from default.runs 
where
  run_status > 0 and 
  run_type > 0
group by DATE_TRUNC('HOUR', ingested_at) + '1 HOUR'
order by DATE_TRUNC('HOUR', ingested_at) + '1 HOUR' 
---

[TestMetricsSuite/TestApplyMonitorDefArgs/postgres_multi_condition_no_segmentation/no_partitioning - 1]
select
  'ingested_at' as field, 
  count(*) as num_rows, 
  count(ingested_at) as num_not_null, 
  min(ingested_at) as min, 
  max(ingested_at) as max
from default.runs 
where
  run_status > 0 and 
  run_type > 0

 
---

[TestMetricsSuite/TestApplyMonitorDefArgs/postgres_multi_condition_single_segmentation_all/partitioning - 1]
select
  COALESCE(CAST(run_type AS VARCHAR), '') as segment, 
  DATE_TRUNC('HOUR', ingested_at) + '1 HOUR' as time_segment, 
  'ingested_at' as field, 
  count(*) as num_rows, 
  count(ingested_at) as num_not_null, 
  min(ingested_at) as min, 
  max(ingested_at) as max
from default.runs 
where
  run_status > 0 and 
  run_type > 0
group by
  DATE_TRUNC('HOUR', ingested_at) + '1 HOUR', 
  COALESCE(CAST(run_type AS VARCHAR), '')
order by
  DATE_TRUNC('HOUR', ingested_at) + '1 HOUR', 
  COALESCE(CAST(run_type AS VARCHAR), '') 
---

[TestMetricsSuite/TestApplyMonitorDefArgs/postgres_multi_condition_single_segmentation_all/no_partitioning - 1]
select
  COALESCE(CAST(run_type AS VARCHAR), '') as segment, 
  'ingested_at' as field, 
  count(*) as num_rows, 
  count(ingested_at) as num_not_null, 
  min(ingested_at) as min, 
  max(ingested_at) as max
from default.runs 
where
  run_status > 0 and 
  run_type > 0
group by COALESCE(CAST(run_type AS VARCHAR), '')
order by COALESCE(CAST(run_type AS VARCHAR), '') 
---

[TestMetricsSuite/TestApplyMonitorDefArgs/postgres_multi_condition_multi_segmentation/partitioning - 1]
select
  COALESCE(CAST(workspace AS VARCHAR), '') as segment, 
  COALESCE(CAST(run_status AS VARCHAR), '') as segment_2, 
  COALESCE(CAST(run_type AS VARCHAR), '') as segment_3, 
  DATE_TRUNC('HOUR', ingested_at) + '1 HOUR' as time_segment, 
  'ingested_at' as field, 
  count(*) as num_rows, 
  count(ingested_at) as num_not_null, 
  min(ingested_at) as min, 
  max(ingested_at) as max
from default.runs 
where
  COALESCE(CAST(workspace AS VARCHAR), '') not in ('synq-demo') and 
  COALESCE(CAST(run_status AS VARCHAR), '') in ('1', '2', '3', '4') and 
  run_status > 0 and 
  run_type > 0
group by
  DATE_TRUNC('HOUR', ingested_at) + '1 HOUR', 
  COALESCE(CAST(workspace AS VARCHAR), ''), 
  COALESCE(CAST(run_status AS VARCHAR), ''), 
  COALESCE(CAST(run_type AS VARCHAR), '')
order by
  DATE_TRUNC('HOUR', ingested_at) + '1 HOUR', 
  COALESCE(CAST(workspace AS VARCHAR), ''), 
  COALESCE(CAST(run_status AS VARCHAR), ''), 
  COALESCE(CAST(run_type AS VARCHAR), '') 
---

[TestMetricsSuite/TestApplyMonitorDefArgs/postgres_multi_condition_multi_segmentation/no_partitioning - 1]
select
  COALESCE(CAST(workspace AS VARCHAR), '') as segment, 
  COALESCE(CAST(run_status AS VARCHAR), '') as segment_2, 
  COALESCE(CAST(run_type AS VARCHAR), '') as segment_3, 
  'ingested_at' as field, 
  count(*) as num_rows, 
  count(ingested_at) as num_not_null, 
  min(ingested_at) as min, 
  max(ingested_at) as max
from default.runs 
where
  COALESCE(CAST(workspace AS VARCHAR), '') not in ('synq-demo') and 
  COALESCE(CAST(run_status AS VARCHAR), '') in ('1', '2', '3', '4') and 
  run_status > 0 and 
  run_type > 0
group by
  COALESCE(CAST(workspace AS VARCHAR), ''), 
  COALESCE(CAST(run_status AS VARCHAR), ''), 
  COALESCE(CAST(run_type AS VARCHAR), '')
order by
  COALESCE(CAST(workspace AS VARCHAR), ''), 
  COALESCE(CAST(run_status AS VARCHAR), ''), 
  COALESCE(CAST(run_type AS VARCHAR), '') 
---
