
[TestMetricsSuite/TestApplyMonitorDefArgs/snowflake_no_conditions_no_segmentation/partitioning - 1]
select
  TIMESTAMPADD(HOUR, 1, time_slice(to_timestamp_ntz(ingested_at), 1, 'HOUR')) as "time_segment", 
  'ingested_at' as "field", 
  count(*) as "num_rows", 
  count(ingested_at) as "num_not_null", 
  min(ingested_at) as "min", 
  max(ingested_at) as "max"
from db.default.runs 

group by "time_segment"
order by "time_segment" 
---

[TestMetricsSuite/TestApplyMonitorDefArgs/snowflake_no_conditions_no_segmentation/no_partitioning - 1]
select
  'ingested_at' as "field", 
  count(*) as "num_rows", 
  count(ingested_at) as "num_not_null", 
  min(ingested_at) as "min", 
  max(ingested_at) as "max"
from db.default.runs 


 
---

[TestMetricsSuite/TestApplyMonitorDefArgs/snowflake_no_conditions_single_segmentation_all/partitioning - 1]
select
  COALESCE(SUBSTRING(to_varchar(run_type), 1, 100), '') as "segment", 
  TIMESTAMPADD(HOUR, 1, time_slice(to_timestamp_ntz(ingested_at), 1, 'HOUR')) as "time_segment", 
  'ingested_at' as "field", 
  count(*) as "num_rows", 
  count(ingested_at) as "num_not_null", 
  min(ingested_at) as "min", 
  max(ingested_at) as "max"
from db.default.runs 

group by
  "time_segment", 
  "segment"
order by
  "time_segment", 
  "segment" 
---

[TestMetricsSuite/TestApplyMonitorDefArgs/snowflake_no_conditions_single_segmentation_all/no_partitioning - 1]
select
  COALESCE(SUBSTRING(to_varchar(run_type), 1, 100), '') as "segment", 
  'ingested_at' as "field", 
  count(*) as "num_rows", 
  count(ingested_at) as "num_not_null", 
  min(ingested_at) as "min", 
  max(ingested_at) as "max"
from db.default.runs 

group by "segment"
order by "segment" 
---

[TestMetricsSuite/TestApplyMonitorDefArgs/snowflake_no_conditions_multi_segmentation/partitioning - 1]
select
  COALESCE(SUBSTRING(to_varchar(workspace), 1, 100), '') as "segment", 
  COALESCE(SUBSTRING(to_varchar(run_status), 1, 100), '') as "segment_2", 
  COALESCE(SUBSTRING(to_varchar(run_type), 1, 100), '') as "segment_3", 
  TIMESTAMPADD(HOUR, 1, time_slice(to_timestamp_ntz(ingested_at), 1, 'HOUR')) as "time_segment", 
  'ingested_at' as "field", 
  count(*) as "num_rows", 
  count(ingested_at) as "num_not_null", 
  min(ingested_at) as "min", 
  max(ingested_at) as "max"
from db.default.runs 
where
  "segment" not in ('synq-demo') and 
  "segment_2" in ('1', '2', '3', '4')
group by
  "time_segment", 
  "segment", 
  "segment_2", 
  "segment_3"
order by
  "time_segment", 
  "segment", 
  "segment_2", 
  "segment_3" 
---

[TestMetricsSuite/TestApplyMonitorDefArgs/snowflake_no_conditions_multi_segmentation/no_partitioning - 1]
select
  COALESCE(SUBSTRING(to_varchar(workspace), 1, 100), '') as "segment", 
  COALESCE(SUBSTRING(to_varchar(run_status), 1, 100), '') as "segment_2", 
  COALESCE(SUBSTRING(to_varchar(run_type), 1, 100), '') as "segment_3", 
  'ingested_at' as "field", 
  count(*) as "num_rows", 
  count(ingested_at) as "num_not_null", 
  min(ingested_at) as "min", 
  max(ingested_at) as "max"
from db.default.runs 
where
  "segment" not in ('synq-demo') and 
  "segment_2" in ('1', '2', '3', '4')
group by
  "segment", 
  "segment_2", 
  "segment_3"
order by
  "segment", 
  "segment_2", 
  "segment_3" 
---

[TestMetricsSuite/TestApplyMonitorDefArgs/snowflake_single_condition_no_segmentation/partitioning - 1]
select
  TIMESTAMPADD(HOUR, 1, time_slice(to_timestamp_ntz(ingested_at), 1, 'HOUR')) as "time_segment", 
  'ingested_at' as "field", 
  count(*) as "num_rows", 
  count(ingested_at) as "num_not_null", 
  min(ingested_at) as "min", 
  max(ingested_at) as "max"
from db.default.runs 
where (1=1)
group by "time_segment"
order by "time_segment" 
---

[TestMetricsSuite/TestApplyMonitorDefArgs/snowflake_single_condition_no_segmentation/no_partitioning - 1]
select
  'ingested_at' as "field", 
  count(*) as "num_rows", 
  count(ingested_at) as "num_not_null", 
  min(ingested_at) as "min", 
  max(ingested_at) as "max"
from db.default.runs 
where (1=1)

 
---

[TestMetricsSuite/TestApplyMonitorDefArgs/snowflake_single_condition_single_segmentation_all/partitioning - 1]
select
  COALESCE(SUBSTRING(to_varchar(run_type), 1, 100), '') as "segment", 
  TIMESTAMPADD(HOUR, 1, time_slice(to_timestamp_ntz(ingested_at), 1, 'HOUR')) as "time_segment", 
  'ingested_at' as "field", 
  count(*) as "num_rows", 
  count(ingested_at) as "num_not_null", 
  min(ingested_at) as "min", 
  max(ingested_at) as "max"
from db.default.runs 
where (1=1)
group by
  "time_segment", 
  "segment"
order by
  "time_segment", 
  "segment" 
---

[TestMetricsSuite/TestApplyMonitorDefArgs/snowflake_single_condition_single_segmentation_all/no_partitioning - 1]
select
  COALESCE(SUBSTRING(to_varchar(run_type), 1, 100), '') as "segment", 
  'ingested_at' as "field", 
  count(*) as "num_rows", 
  count(ingested_at) as "num_not_null", 
  min(ingested_at) as "min", 
  max(ingested_at) as "max"
from db.default.runs 
where (1=1)
group by "segment"
order by "segment" 
---

[TestMetricsSuite/TestApplyMonitorDefArgs/snowflake_single_condition_multi_segmentation/partitioning - 1]
select
  COALESCE(SUBSTRING(to_varchar(workspace), 1, 100), '') as "segment", 
  COALESCE(SUBSTRING(to_varchar(run_status), 1, 100), '') as "segment_2", 
  COALESCE(SUBSTRING(to_varchar(run_type), 1, 100), '') as "segment_3", 
  TIMESTAMPADD(HOUR, 1, time_slice(to_timestamp_ntz(ingested_at), 1, 'HOUR')) as "time_segment", 
  'ingested_at' as "field", 
  count(*) as "num_rows", 
  count(ingested_at) as "num_not_null", 
  min(ingested_at) as "min", 
  max(ingested_at) as "max"
from db.default.runs 
where
  "segment" not in ('synq-demo') and 
  "segment_2" in ('1', '2', '3', '4') and 
  (1=1)
group by
  "time_segment", 
  "segment", 
  "segment_2", 
  "segment_3"
order by
  "time_segment", 
  "segment", 
  "segment_2", 
  "segment_3" 
---

[TestMetricsSuite/TestApplyMonitorDefArgs/snowflake_single_condition_multi_segmentation/no_partitioning - 1]
select
  COALESCE(SUBSTRING(to_varchar(workspace), 1, 100), '') as "segment", 
  COALESCE(SUBSTRING(to_varchar(run_status), 1, 100), '') as "segment_2", 
  COALESCE(SUBSTRING(to_varchar(run_type), 1, 100), '') as "segment_3", 
  'ingested_at' as "field", 
  count(*) as "num_rows", 
  count(ingested_at) as "num_not_null", 
  min(ingested_at) as "min", 
  max(ingested_at) as "max"
from db.default.runs 
where
  "segment" not in ('synq-demo') and 
  "segment_2" in ('1', '2', '3', '4') and 
  (1=1)
group by
  "segment", 
  "segment_2", 
  "segment_3"
order by
  "segment", 
  "segment_2", 
  "segment_3" 
---

[TestMetricsSuite/TestApplyMonitorDefArgs/snowflake_multi_condition_no_segmentation/partitioning - 1]
select
  TIMESTAMPADD(HOUR, 1, time_slice(to_timestamp_ntz(ingested_at), 1, 'HOUR')) as "time_segment", 
  'ingested_at' as "field", 
  count(*) as "num_rows", 
  count(ingested_at) as "num_not_null", 
  min(ingested_at) as "min", 
  max(ingested_at) as "max"
from db.default.runs 
where (run_status > 0) and (run_type > 0)
group by "time_segment"
order by "time_segment" 
---

[TestMetricsSuite/TestApplyMonitorDefArgs/snowflake_multi_condition_no_segmentation/no_partitioning - 1]
select
  'ingested_at' as "field", 
  count(*) as "num_rows", 
  count(ingested_at) as "num_not_null", 
  min(ingested_at) as "min", 
  max(ingested_at) as "max"
from db.default.runs 
where (run_status > 0) and (run_type > 0)

 
---

[TestMetricsSuite/TestApplyMonitorDefArgs/snowflake_multi_condition_single_segmentation_all/partitioning - 1]
select
  COALESCE(SUBSTRING(to_varchar(run_type), 1, 100), '') as "segment", 
  TIMESTAMPADD(HOUR, 1, time_slice(to_timestamp_ntz(ingested_at), 1, 'HOUR')) as "time_segment", 
  'ingested_at' as "field", 
  count(*) as "num_rows", 
  count(ingested_at) as "num_not_null", 
  min(ingested_at) as "min", 
  max(ingested_at) as "max"
from db.default.runs 
where (run_status > 0) and (run_type > 0)
group by
  "time_segment", 
  "segment"
order by
  "time_segment", 
  "segment" 
---

[TestMetricsSuite/TestApplyMonitorDefArgs/snowflake_multi_condition_single_segmentation_all/no_partitioning - 1]
select
  COALESCE(SUBSTRING(to_varchar(run_type), 1, 100), '') as "segment", 
  'ingested_at' as "field", 
  count(*) as "num_rows", 
  count(ingested_at) as "num_not_null", 
  min(ingested_at) as "min", 
  max(ingested_at) as "max"
from db.default.runs 
where (run_status > 0) and (run_type > 0)
group by "segment"
order by "segment" 
---

[TestMetricsSuite/TestApplyMonitorDefArgs/snowflake_multi_condition_multi_segmentation/partitioning - 1]
select
  COALESCE(SUBSTRING(to_varchar(workspace), 1, 100), '') as "segment", 
  COALESCE(SUBSTRING(to_varchar(run_status), 1, 100), '') as "segment_2", 
  COALESCE(SUBSTRING(to_varchar(run_type), 1, 100), '') as "segment_3", 
  TIMESTAMPADD(HOUR, 1, time_slice(to_timestamp_ntz(ingested_at), 1, 'HOUR')) as "time_segment", 
  'ingested_at' as "field", 
  count(*) as "num_rows", 
  count(ingested_at) as "num_not_null", 
  min(ingested_at) as "min", 
  max(ingested_at) as "max"
from db.default.runs 
where
  "segment" not in ('synq-demo') and 
  "segment_2" in ('1', '2', '3', '4') and 
  (run_status > 0) and (run_type > 0)
group by
  "time_segment", 
  "segment", 
  "segment_2", 
  "segment_3"
order by
  "time_segment", 
  "segment", 
  "segment_2", 
  "segment_3" 
---

[TestMetricsSuite/TestApplyMonitorDefArgs/snowflake_multi_condition_multi_segmentation/no_partitioning - 1]
select
  COALESCE(SUBSTRING(to_varchar(workspace), 1, 100), '') as "segment", 
  COALESCE(SUBSTRING(to_varchar(run_status), 1, 100), '') as "segment_2", 
  COALESCE(SUBSTRING(to_varchar(run_type), 1, 100), '') as "segment_3", 
  'ingested_at' as "field", 
  count(*) as "num_rows", 
  count(ingested_at) as "num_not_null", 
  min(ingested_at) as "min", 
  max(ingested_at) as "max"
from db.default.runs 
where
  "segment" not in ('synq-demo') and 
  "segment_2" in ('1', '2', '3', '4') and 
  (run_status > 0) and (run_type > 0)
group by
  "segment", 
  "segment_2", 
  "segment_3"
order by
  "segment", 
  "segment_2", 
  "segment_3" 
---
