
[TestMetricsSuite/TestPartition - 1]
select
  'ingested_at' as field, 
  count(*) as num_rows, 
  count(timestamp(ingested_at)) as num_not_null, 
  min(timestamp(ingested_at)) as min, 
  max(timestamp(ingested_at)) as max
from `db.default.runs` 
where
  timestamp(ingested_at) >= timestamp '2025-01-01T00:00:00Z' and 
  timestamp(ingested_at) < timestamp '2025-02-01T00:00:00Z'
 
---
